// Jest Snapshot v1, https://goo.gl/fbAQLP

exports[`formatNumber handles all numbers over 1000 1`] = `"1.0k"`;

exports[`formatNumber handles all numbers over 1000 2`] = `"1.1k"`;

exports[`formatNumber handles all numbers over 1000 3`] = `"1.0k"`;

exports[`formatNumber handles all numbers over 1000 4`] = `"2.1k"`;

exports[`formatNumber handles all numbers over 1000 5`] = `"20.3k"`;

exports[`formatNumber handles all numbers under 1000 1`] = `"42"`;

exports[`formatNumber handles all numbers under 1000 2`] = `"142"`;

exports[`formatNumber handles all numbers under 1000 3`] = `"999"`;

exports[`formatNumber handles all numbers under 1000 4`] = `"1"`;

exports[`formatNumber handles all numbers under 1000 5`] = `"0"`;
